


ARM Macro Assembler    Page 1 


    1 00000000         
    2 00000000         ;; RK - Evalbot (Cortex M3 de Texas Instrument)
    3 00000000         ;; fait clignoter une seule LED connectée au port GPIOF
    4 00000000         
    5 00000000                 AREA             |.text|, CODE, READONLY
    6 00000000         
    7 00000000         ; This register controls the clock gating logic in norma
                       l Run mode
    8 00000000 400FE108 
                       SYSCTL_PERIPH_GPIO
                               EQU              0x400FE108  ; SYSCTL_RCGC2_R (p
                                                            291 datasheet de lm
                                                            3s9b92.pdf)
    9 00000000         
   10 00000000         ; The GPIODATA register is the data register
   11 00000000 40007000 
                       GPIO_PORTD_BASE
                               EQU              0x40007000  ; GPIO Port D
   12 00000000 40025000 
                       GPIO_PORTF_BASE
                               EQU              0x40025000  ; GPIO Port F (APB)
                                                             base: 0x4002.5000 
                                                            (p416 datasheet de 
                                                            lm3s9B92.pdf)
   13 00000000 40024000 
                       GPIO_PORTE_BASE
                               EQU              0x40024000  ; GPIO Port E
   14 00000000 4003D000 
                       GPIO_PORTJ_BASE
                               EQU              0x4003D000  ; Port J
   15 00000000         
   16 00000000         ; configure the corresponding pin to be an output
   17 00000000         ; all GPIO pins are inputs by default
   18 00000000 00000400 
                       GPIO_O_DIR
                               EQU              0x00000400  ; GPIO Direction (p
                                                            417 datasheet de lm
                                                            3s9B92.pdf)
   19 00000000         
   20 00000000         ; The GPIODR2R register is the 2-mA drive control regist
                       er
   21 00000000         ; By default, all GPIO pins have 2-mA drive.
   22 00000000 00000500 
                       GPIO_O_DR2R
                               EQU              0x00000500  ; GPIO 2-mA Drive S
                                                            elect (p428 datashe
                                                            et de lm3s9B92.pdf)
                                                            
   23 00000000         
   24 00000000         ; GPIO_Pur pull up config
   25 00000000 00000510 
                       GPIO_O_PUR
                               EQU              0x00000510
   26 00000000         
   27 00000000         ; Digital enable register
   28 00000000         ; To use the pin as a digital input or output, the corre
                       sponding GPIODEN bit must be set.
   29 00000000 0000051C 
                       GPIO_O_DEN



ARM Macro Assembler    Page 2 


                               EQU              0x0000051C  ; GPIO Digital Enab
                                                            le (p437 datasheet 
                                                            de lm3s9B92.pdf)
   30 00000000         
   31 00000000         ; PIN select
   32 00000000 00000001 
                       PIN0    EQU              0x01
   33 00000000 00000002 
                       PIN1    EQU              0x02
   34 00000000 00000004 
                       PIN2    EQU              0x04
   35 00000000 00000008 
                       PIN3    EQU              0x08
   36 00000000 00000010 
                       PIN4    EQU              0x10        ; led1 sur broche 4
                                                            
   37 00000000 00000020 
                       PIN5    EQU              0x20
   38 00000000 00000040 
                       PIN6    EQU              0x40
   39 00000000 00000080 
                       PIN7    EQU              0x80
   40 00000000         
   41 00000000         ; blinking frequency
   42 00000000 000FFFFF 
                       DUREE   EQU              0x000FFFFF  ; Random Value
   43 00000000         ;DUREE      EQU     0x1 ; Random Value 
   44 00000000 00000FFF 
                       DUREEMOTEURS
                               EQU              0x00000FFF  ;
   45 00000000         ;DUREEMOTEURS  EQU  0x1;
   46 00000000 002FFFFF 
                       DUREEBLINK
                               EQU              0x002FFFFF  ; Random Value
   47 00000000         ;DUREEBLINK     EQU     0x1
   48 00000000 00001770 
                       DUREEVIRAGE
                               EQU              6000        ;
   49 00000000         ;DUREEVIRAGE  EQU  0x3; 
   50 00000000         ; association de valeurs pour itinéraire
   51 00000000 00000001 
                       ACTION_AVANCE
                               EQU              1
   52 00000000 00000002 
                       ACTION_RECULE
                               EQU              2
   53 00000000 00000003 
                       ACTION_GAUCHE
                               EQU              3
   54 00000000 00000004 
                       ACTION_DROITE
                               EQU              4
   55 00000000 0000000F 
                       ACTION_FIN
                               EQU              15
   56 00000000         
   57 00000000         ; itinéraires dans tes tableaux
   58 00000000         ;ITIN1    DCB    
   59 00000000         



ARM Macro Assembler    Page 3 


   60 00000000         
   61 00000000         
   62 00000000         
   63 00000000                 ENTRY
   64 00000000                 EXPORT           __main
   65 00000000         
   66 00000000         ;; The IMPORT command specifies that a symbol is defined
                        in a shared object at runtime.
   67 00000000                 IMPORT           MOTEUR_INIT ; initialise les mo
                                                            teurs (configure le
                                                            s pwms + GPIO)
   68 00000000         
   69 00000000                 IMPORT           MOTEUR_DROIT_ON ; activer le mo
                                                            teur droit
   70 00000000                 IMPORT           MOTEUR_DROIT_OFF ; déactiver le
                                                             moteur droit
   71 00000000                 IMPORT           MOTEUR_DROIT_AVANT ; moteur dro
                                                            it tourne vers l'av
                                                            ant
   72 00000000                 IMPORT           MOTEUR_DROIT_ARRIERE ; moteur d
                                                            roit tourne vers l'
                                                            arrière
   73 00000000                 IMPORT           MOTEUR_DROIT_INVERSE ; inverse 
                                                            le sens de rotation
                                                             du moteur droit
   74 00000000         
   75 00000000                 IMPORT           MOTEUR_GAUCHE_ON ; activer le m
                                                            oteur gauche
   76 00000000                 IMPORT           MOTEUR_GAUCHE_OFF ; déactiver l
                                                            e moteur gauche
   77 00000000                 IMPORT           MOTEUR_GAUCHE_AVANT ; moteur ga
                                                            uche tourne vers l'
                                                            avant
   78 00000000                 IMPORT           MOTEUR_GAUCHE_ARRIERE ; moteur 
                                                            gauche tourne vers 
                                                            l'arrière
   79 00000000                 IMPORT           MOTEUR_GAUCHE_INVERSE ; inverse
                                                             le sens de rotatio
                                                            n du moteur gauche
   80 00000000         
   81 00000000         
   82 00000000         __main
   83 00000000         ; ;; Enable the Port F peripheral clock by setting bit 5
                        (0x20 == 0b100000)  (p291 datasheet de lm3s9B96.pdf)
   84 00000000         ; ;;               (GPIO::FEDCBA)
   85 00000000 4EEE            ldr              r6, = SYSCTL_PERIPH_GPIO 
                                                            ;; RCGC2
   86 00000002 F04F 0038       mov              r0, #0x00000038 ;; Enable clock
                                                             sur GPIO F et E où
                                                             sont branchés les 
                                                            leds (0x20 == 0b100
                                                            000)
   87 00000006         ; ;;                         (GPIO::FEDCBA)
   88 00000006 6030            str              r0, [r6]
   89 00000008         
   90 00000008         
   91 00000008         
   92 00000008         ; ;; "There must be a delay of 3 system clocks before an
                       y GPIO reg. access  (p413 datasheet de lm3s9B92.pdf)



ARM Macro Assembler    Page 4 


   93 00000008 BF00            nop                          ;; tres tres import
                                                            ant....
   94 0000000A BF00            nop
   95 0000000C BF00            nop                          ;; pas necessaire e
                                                            n simu ou en debbug
                                                             step by step...
   96 0000000E         
   97 0000000E         ;^^^^^^^^^^^^^^^^^^^^^^^^^^^^^^CONFIGURATION LED
   98 0000000E         
   99 0000000E 4EEC            ldr              r6, = GPIO_PORTF_BASE+GPIO_O_DI
R 
                                                            ;; 1 Pin du portF e
                                                            n sortie (broche 4 
                                                            : 00010000)
  100 00000010 F04F 0030       ldr              r0, = PIN4 + PIN5
  101 00000014 6030            str              r0, [r6]
  102 00000016         
  103 00000016 4EEB            ldr              r6, = GPIO_PORTF_BASE+GPIO_O_DE
N 
                                                            ;; Enable Digital F
                                                            unction 
  104 00000018 F04F 0030       ldr              r0, = PIN4 + PIN5
  105 0000001C 6030            str              r0, [r6]
  106 0000001E         
  107 0000001E 4EEA            ldr              r6, = GPIO_PORTF_BASE+GPIO_O_DR
2R 
                                                            ;; Choix de l'inten
                                                            sité de sortie (2mA
                                                            )
  108 00000020 F04F 0030       ldr              r0, = PIN4 + PIN5
  109 00000024 6030            str              r0, [r6]
  110 00000026         
  111 00000026 F04F 0200       mov              r2, #0x000  ;; pour eteindre LE
                                                            D
  112 0000002A         
  113 0000002A         ; allumer la led broche 4 (PIN4)
  114 0000002A F04F 0310       mov              r3, #PIN4   ;; Allume portF bro
                                                            che 4 : 00010000
  115 0000002E F8DF B39C       ldr              r11, = GPIO_PORTF_BASE + (PIN4<
<2) 
                                                            ;; @data Register =
                                                             @base + (mask<<2) 
                                                            ==> LED1
  116 00000032         ; allumer la led broche 5 (PIN5)
  117 00000032 F04F 0420       mov              r4, #PIN5
  118 00000036 F8DF C398       ldr              r12, = GPIO_PORTF_BASE + (PIN5<
<2)
  119 0000003A         
  120 0000003A         ;vvvvvvvvvvvvvvvvvvvvvvvFin configuration LED 
  121 0000003A         
  122 0000003A         ;^^^^^^^^^^^^^^^^^^^^^^^^Configuration bumpers
  123 0000003A         
  124 0000003A 4FE6            ldr              r7, = GPIO_PORTE_BASE+GPIO_O_DE
N 
                                                            ;; Enable Digital F
                                                            unction 
  125 0000003C F04F 0003       ldr              r0, = PIN0 + PIN1
  126 00000040 6038            str              r0, [r7]
  127 00000042         



ARM Macro Assembler    Page 5 


  128 00000042 4FE5            ldr              r7, = GPIO_PORTE_BASE+GPIO_O_PU
R
  129 00000044 F04F 0003       ldr              r0, = PIN0 + PIN1
  130 00000048 6038            str              r0, [r7]
  131 0000004A         
  132 0000004A F8DF 9390       ldr              r9, = GPIO_PORTE_BASE+(PIN0<<2)
 
                                                            ;BUMPER L
  133 0000004E F8DF A390       ldr              r10, = GPIO_PORTE_BASE+(PIN1<<2
) 
                                                            ;BUMPER R
  134 00000052         
  135 00000052         ;vvvvvvvvvvvvvvvvvvvvvvvFin configuration bumpers
  136 00000052         
  137 00000052         
  138 00000052         ;^^^^^^^^^^^^^^^^^^^^^^^^Configuration siwtch
  139 00000052         
  140 00000052 4FE4            ldr              r7, = GPIO_PORTD_BASE+GPIO_O_DE
N 
                                                            ;; Enable Digital F
                                                            unction 
  141 00000054 F04F 00C0       ldr              r0, = PIN6 + PIN7
  142 00000058 6038            str              r0, [r7]
  143 0000005A         
  144 0000005A 4FE3            ldr              r7, = GPIO_PORTD_BASE+GPIO_O_PU
R
  145 0000005C F04F 00C0       ldr              r0, = PIN6 + PIN7
  146 00000060 6038            str              r0, [r7]
  147 00000062         
  148 00000062 4FE2            ldr              r7, = GPIO_PORTD_BASE+(PIN6<<2)
 
                                                            ;Sw1
  149 00000064 F8DF 8388       ldr              r8, = GPIO_PORTD_BASE+(PIN7<<2)
 
                                                            ;Sw2
  150 00000068         
  151 00000068         ;vvvvvvvvvvvvvvvvvvvvvvvFin configuration siwtch
  152 00000068         
  153 00000068         ;^^^^^^^^^^^^^^^^^^^^^^^^^^^^^Config moteurs
  154 00000068         
  155 00000068 F7FF FFFE       BL               MOTEUR_INIT
  156 0000006C         
  157 0000006C         ;vvvvvvvvvvvvvvvvvvvvvvvvvvvvvFin config moteurs
  158 0000006C         
  159 0000006C         
  160 0000006C         
  161 0000006C         ;^^^^^^^^^^^^^^^^^^^^^^^^^^^^^ Etat 1 : attente 
  162 0000006C         attente
  163 0000006C 4FDF            ldr              r7, = GPIO_PORTD_BASE+(PIN6<<2)
 
                                                            ;Sw1
  164 0000006E F8DF 8380       ldr              r8, = GPIO_PORTD_BASE+(PIN7<<2)
 
                                                            ;Sw2
  165 00000072 F8DF 9368       ldr              r9, = GPIO_PORTE_BASE+(PIN0<<2)
 
                                                            ;BUMPER L
  166 00000076 F8DF A368       ldr              r10, = GPIO_PORTE_BASE+(PIN1<<2
) 



ARM Macro Assembler    Page 6 


                                                            ;BUMPER R
  167 0000007A         
  168 0000007A 6838            ldr              r0,[r7]
  169 0000007C 2800            cmp              r0,#0
  170 0000007E D000            BEQ              choixItin
  171 00000080 E7F4            b                attente
  172 00000082         ;vvvvvvvvvvvvvvvvvvvvvvvFin Etat 1  
  173 00000082         
  174 00000082         ;^^^^^^^^^^^^^^^^^^^^^^^^^^^^^ Etat 2 : choixItin 
  175 00000082         choixItin
  176 00000082 F8D9 0000       ldr              r0,[r9]
  177 00000086 2800            cmp              r0,#0
  178 00000088 D004            BEQ              attenteConfItin1
  179 0000008A         
  180 0000008A F8DA 0000       ldr              r0,[r10]
  181 0000008E 2800            cmp              r0,#0
  182 00000090 D010            BEQ              attenteConfItin2
  183 00000092 E7F6            b                choixItin
  184 00000094         
  185 00000094         attenteConfItin1
  186 00000094 F000 F92E       bl               allumeLed1
  187 00000098 F000 F941       bl               eteintLed2
  188 0000009C 4DD5            ldr              r5, = DUREE
  189 0000009E F000 F926       bl               wait
  190 000000A2 F8DA 0000       ldr              r0,[r10]
  191 000000A6 2800            cmp              r0,#0
  192 000000A8 D004            BEQ              attenteConfItin2
  193 000000AA F8D8 0000       ldr              r0,[r8]
  194 000000AE 2800            cmp              r0,#0
  195 000000B0 D010            BEQ              itin1
  196 000000B2         
  197 000000B2 E7EF            b                attenteConfItin1
  198 000000B4         
  199 000000B4         attenteConfItin2
  200 000000B4 F000 F925       bl               allumeLed2
  201 000000B8 F000 F92A       bl               eteintLed1
  202 000000BC 4DCD            ldr              r5, = DUREE
  203 000000BE F000 F916       bl               wait
  204 000000C2 F8D9 0000       ldr              r0,[r9]
  205 000000C6 2800            cmp              r0,#0
  206 000000C8 D0E4            BEQ              attenteConfItin1
  207 000000CA F8D8 0000       ldr              r0,[r8]
  208 000000CE 2800            cmp              r0,#0
  209 000000D0 D00D            BEQ              itin2
  210 000000D2         
  211 000000D2 E7EF            b                attenteConfItin2
  212 000000D4         
  213 000000D4         
  214 000000D4         ;^^^^^^^^^^^^^^^^^^^^^^^^^^^^^Fin Etat 2 : choix itit
  215 000000D4         
  216 000000D4         ;^^^^^^^^^^^^^^^^^^^^^^^^^^^^^Etat 3A : itin1
  217 000000D4         itin1
  218 000000D4 F000 F90E       bl               allumeLed1
  219 000000D8 F000 F913       bl               allumeLed2
  220 000000DC 4DC5            ldr              r5, = DUREE ;allumage des leds
  221 000000DE F000 F906       bl               wait
  222 000000E2         
  223 000000E2 4FC5            ldr              r7,=tab1
  224 000000E4 F8DF 8314       ldr              r8,=tabActions1



ARM Macro Assembler    Page 7 


  225 000000E8 F04F 0200       ldr              r2,=0
  226 000000EC E00C            b                doItineraire
  227 000000EE         
  228 000000EE         
  229 000000EE         ;^^^^^^^^^^^^^^^^^^^^^^^^^^^^^Etat 3B : itin2
  230 000000EE         itin2
  231 000000EE         
  232 000000EE F000 F901       bl               allumeLed1
  233 000000F2 F000 F906       bl               allumeLed2
  234 000000F6 4DBF            ldr              r5, = DUREE ;allumage des leds
  235 000000F8 F000 F8F9       bl               wait
  236 000000FC         
  237 000000FC 4FC0            ldr              r7,=tab2
  238 000000FE F8DF 8304       ldr              r8,=tabActions2
  239 00000102 F04F 0200       ldr              r2,=0
  240 00000106 E7FF            b                doItineraire
  241 00000108         
  242 00000108         ;CHOIX AVEC DUPLICATION DE CODE
  243 00000108         
  244 00000108         ;vvvvvvvvvvvvvvvvvvvvvvvvvvvvvFin Etat 3B : itin2
  245 00000108         
  246 00000108         
  247 00000108         doItineraire
  248 00000108         
  249 00000108         
  250 00000108 EA4F 0282       lsl              r2,#2
  251 0000010C 58BB            ldr              r3,[r7,r2]
  252 0000010E EA4F 0292       lsr              r2,#2
  253 00000112 F818 4002       ldrb             r4,[r8,r2]
  254 00000116 F04F 0A01       ldr              r10,=1
  255 0000011A         
  256 0000011A 2C01            cmp              r4,#ACTION_AVANCE
  257 0000011C BF08 F000 
              F905             bleq             avance
  258 00000122         
  259 00000122 2C02            cmp              r4,#ACTION_RECULE
  260 00000124 BF08 F000 
              F912             bleq             recule
  261 0000012A         
  262 0000012A 2C03            cmp              r4,#ACTION_GAUCHE
  263 0000012C BF08 F000 
              F91F             bleq             gauche
  264 00000132         
  265 00000132 2C04            cmp              r4,#ACTION_DROITE
  266 00000134 BF08 F000 
              F92C             bleq             droite
  267 0000013A         
  268 0000013A 2C0F            cmp              r4,#ACTION_FIN
  269 0000013C D100            bne              suite
  270 0000013E E084            b                attenteConf
  271 00000140         suite
  272 00000140 49B1            ldr              r1,=tabActionsRetour
  273 00000142 F102 0201       add              r2,#1
  274 00000146 548C            strb             r4,[r1,r2]
  275 00000148 E7DE            b                doItineraire
  276 0000014A         
  277 0000014A         
  278 0000014A         loop
  279 0000014A 46F4            mov              r12,lr      ;push {lr}



ARM Macro Assembler    Page 8 


  280 0000014C F04F 0000       ldr              r0,=0
  281 00000150 F1BA 0F00       cmp              r10,#0      ; comparaison mode 
                                                            retour ou non r
  282 00000154 D000            beq              loopRetour
  283 00000156 E00A            b                loopItin
  284 00000158         
  285 00000158         loopRetour
  286 00000158 F640 75FF       ldr              r5,=DUREEMOTEURS
  287 0000015C         ;ldr r5,=1
  288 0000015C F000 F8C7       bl               wait
  289 00000160 3B01            subs             r3,#1
  290 00000162 F000 F81B       bl               detectionBumpers
  291 00000166 2B00            cmp              r3,#0
  292 00000168 D1F6            bne              loopRetour
  293 0000016A 46E6            mov              lr,r12      ;pop {pc}
  294 0000016C 4770            bx               lr
  295 0000016E         
  296 0000016E         loopItin
  297 0000016E F640 75FF       ldr              r5,=DUREEMOTEURS
  298 00000172         ;ldr r5,=1
  299 00000172 F000 F8BC       bl               wait
  300 00000176 3B01            subs             r3,#1
  301 00000178 F000 F810       bl               detectionBumpers
  302 0000017C F100 0001       add              r0,#1
  303 00000180 2B00            cmp              r3,#0
  304 00000182 D1F4            bne              loopItin
  305 00000184 49A1            ldr              r1,=tabRetour
  306 00000186 EA4F 0282       lsl              r2,#2
  307 0000018A F102 0204       add              r2,#4
  308 0000018E 5088            str              r0,[r1,r2]
  309 00000190 F1A2 0204       sub              r2,#4
  310 00000194 EA4F 0292       lsr              r2,#2
  311 00000198 46E6            mov              lr,r12      ;pop {pc}
  312 0000019A 4770            bx               lr
  313 0000019C         
  314 0000019C         
  315 0000019C         
  316 0000019C         ;vvvvvvvvvvvvvvvvvvvvvvvvvvvvvFin Etat 3A : itin1
  317 0000019C         
  318 0000019C         
  319 0000019C         
  320 0000019C         
  321 0000019C         ;^^^^^^^^^^^^^^^^^^^^^^^^^^^^^Etat 4 : detection bumber
  322 0000019C         detectionBumpers
  323 0000019C F8DF 923C       ldr              r9, = GPIO_PORTE_BASE+(PIN0<<2)
 
                                                            ;BUMPER L
  324 000001A0 F8DF A23C       ldr              r10, = GPIO_PORTE_BASE+(PIN1<<2
) 
                                                            ;BUMPER R
  325 000001A4         
  326 000001A4 F8D9 1000       ldr              r1,[r9]
  327 000001A8 2900            cmp              r1,#0
  328 000001AA         ; arret des 2 moteurs
  329 000001AA D028            BEQ              accident
  330 000001AC         
  331 000001AC F8DA 1000       ldr              r1,[r10]
  332 000001B0 2900            cmp              r1,#0
  333 000001B2         ; arret des 2 moteurs



ARM Macro Assembler    Page 9 


  334 000001B2 D024            BEQ              accident
  335 000001B4 4770            bx               lr
  336 000001B6         
  337 000001B6         ;vvvvvvvvvvvvvvvvvvvvvvvvvvvvvFin Etat 4 : detection bum
                       per
  338 000001B6         
  339 000001B6         ;^^^^^^^^^^^^^^^^^^^^^^^^^^^^^Etat 4.5 : accident
  340 000001B6         ecritureDebutItinRetour
  341 000001B6 4995            ldr              r1,=tabRetour
  342 000001B8 F102 0201       add              r2,#1
  343 000001BC EA4F 0282       lsl              r2,#2
  344 000001C0 F642 60E0       ldr              r0,=12000
  345 000001C4 F102 0204       add              r2,#4
  346 000001C8 5088            str              r0,[r1,r2]
  347 000001CA F44F 707A       ldr              r0,=1000
  348 000001CE F102 0204       add              r2,#4
  349 000001D2 5088            str              r0,[r1,r2]
  350 000001D4 F1A2 0208       sub              r2,#8
  351 000001D8 EA4F 0292       lsr              r2,#2
  352 000001DC         
  353 000001DC         
  354 000001DC 498A            ldr              r1,=tabActionsRetour
  355 000001DE 548C            strb             r4,[r1,r2]
  356 000001E0 F04F 0004       ldr              r0,=ACTION_DROITE
  357 000001E4 F102 0201       add              r2,#1
  358 000001E8 5488            strb             r0,[r1,r2]
  359 000001EA F04F 0002       ldr              r0,=ACTION_RECULE
  360 000001EE F102 0201       add              r2,#1
  361 000001F2 5488            strb             r0,[r1,r2]
  362 000001F4 F1A2 0202       sub              r2,#2
  363 000001F8 F1A2 0201       sub              r2,#1
  364 000001FC E03F            b                itinRetour
  365 000001FE         
  366 000001FE         accident
  367 000001FE F102 0201       add              r2,#1
  368 00000202 EA4F 0282       lsl              r2,#2
  369 00000206 4981            ldr              r1,=tabRetour
  370 00000208 5088            str              r0,[r1,r2]
  371 0000020A EA4F 0292       lsr              r2,#2
  372 0000020E         
  373 0000020E 497E            ldr              r1,=tabActionsRetour
  374 00000210 548C            strb             r4,[r1,r2]
  375 00000212 F1A2 0201       sub              r2,#1
  376 00000216         
  377 00000216 F7FF FFFE       BL               MOTEUR_DROIT_OFF
  378 0000021A F7FF FFFE       BL               MOTEUR_GAUCHE_OFF
  379 0000021E         
  380 0000021E         
  381 0000021E         accidentLoop
  382 0000021E 4F73            ldr              r7, = GPIO_PORTD_BASE+(PIN6<<2)
 
                                                            ;Sw1
  383 00000220 F8DF 81CC       ldr              r8, = GPIO_PORTD_BASE+(PIN7<<2)
 
                                                            ;Sw2
  384 00000224 F8D8 0000       ldr              r0,[r8]
  385 00000228 2800            cmp              r0,#0
  386 0000022A D0C4            beq              ecritureDebutItinRetour
  387 0000022C         



ARM Macro Assembler    Page 10 


  388 0000022C F000 F862       bl               allumeLed1
  389 00000230 F000 F867       bl               allumeLed2
  390 00000234 4D7A            ldr              r5,= DUREEBLINK
  391 00000236 F000 F85A       bl               wait
  392 0000023A         
  393 0000023A F000 F869       bl               eteintLed1
  394 0000023E F000 F86E       bl               eteintLed2
  395 00000242 4D77            ldr              r5,= DUREEBLINK
  396 00000244 F000 F853       bl               wait
  397 00000248         
  398 00000248 E7E9            b                accidentLoop
  399 0000024A         
  400 0000024A         ;vvvvvvvvvvvvvvvvvvvvvvvvvvvvvFin Etat 4.5 : accident
  401 0000024A         
  402 0000024A         ;^^^^^^^^^^^^^^^^^^^^^^^^^^^^^Etat 5 : attente de confir
                       mation
  403 0000024A         attenteConf
  404 0000024A 4F68            ldr              r7, = GPIO_PORTD_BASE+(PIN6<<2)
 
                                                            ;Sw1
  405 0000024C F8DF 81A0       ldr              r8, = GPIO_PORTD_BASE+(PIN7<<2)
 
                                                            ;Sw2
  406 00000250         
  407 00000250 F8D8 0000       ldr              r0,[r8]
  408 00000254 2800            cmp              r0,#0
  409 00000256 D0AE            beq              ecritureDebutItinRetour
  410 00000258         
  411 00000258 F000 F85A       bl               eteintLed1
  412 0000025C F000 F851       bl               allumeLed2
  413 00000260 4D6F            ldr              r5, = DUREEBLINK
  414 00000262 F000 F844       bl               wait
  415 00000266         
  416 00000266 F8D8 0000       ldr              r0,[r8]
  417 0000026A 2800            cmp              r0,#0
  418 0000026C D0A3            beq              ecritureDebutItinRetour
  419 0000026E         
  420 0000026E F000 F841       bl               allumeLed1
  421 00000272 F000 F854       bl               eteintLed2
  422 00000276 4D6A            ldr              r5, = DUREEBLINK
  423 00000278 F000 F839       bl               wait
  424 0000027C         
  425 0000027C E7E5            b                attenteConf
  426 0000027E         
  427 0000027E         ;vvvvvvvvvvvvvvvvvvvvvvvvvvvvvFin Etat 5 : attente de co
                       nfirmation
  428 0000027E         
  429 0000027E         ;^^^^^^^^^^^^^^^^^^^^^^^^^^^^^Etat 6A : itinRetour1
  430 0000027E         itinRetour
  431 0000027E F000 F847       bl               eteintLed1
  432 00000282 F000 F84C       bl               eteintLed2
  433 00000286 4D5B            ldr              r5, = DUREE
  434 00000288 F000 F831       bl               wait
  435 0000028C 4F5F            ldr              r7,=tabRetour
  436 0000028E F8DF 8178       ldr              r8,=tabActionsRetour
  437 00000292 F04F 000F       ldr              r0,=ACTION_FIN
  438 00000296 F888 0000       strb             r0,[r8]
  439 0000029A F04F 0000       ldr              r0,=0
  440 0000029E         



ARM Macro Assembler    Page 11 


  441 0000029E         loopIndex
  442 0000029E F818 1000       ldrb             r1,[r8,r0]
  443 000002A2 2902            cmp              r1,#ACTION_RECULE
  444 000002A4 D002            beq              findR2
  445 000002A6 F100 0001       add              r0,#1
  446 000002AA E7F8            b                loopIndex
  447 000002AC         
  448 000002AC         findR2
  449 000002AC 4602            mov              r2,r0
  450 000002AE E7FF            b                doItineraireRetour
  451 000002B0         
  452 000002B0         doItineraireRetour
  453 000002B0         
  454 000002B0 EA4F 0282       lsl              r2,#2
  455 000002B4 58BB            ldr              r3,[r7,r2]
  456 000002B6 EA4F 0292       lsr              r2,#2
  457 000002BA F818 4002       ldrb             r4,[r8,r2]
  458 000002BE F04F 0A00       ldr              r10,=0
  459 000002C2         
  460 000002C2 2C01            cmp              r4,#ACTION_AVANCE
  461 000002C4 BF08 F000 
              F831             bleq             avance
  462 000002CA         
  463 000002CA 2C02            cmp              r4,#ACTION_RECULE
  464 000002CC BF08 F000 
              F83E             bleq             recule
  465 000002D2         
  466 000002D2 2C03            cmp              r4,#ACTION_GAUCHE
  467 000002D4 BF08 F000 
              F85C             bleq             droite
  468 000002DA         
  469 000002DA 2C04            cmp              r4,#ACTION_DROITE
  470 000002DC BF08 F000 
              F847             bleq             gauche
  471 000002E2         
  472 000002E2 2C0F            cmp              r4,#ACTION_FIN
  473 000002E4 F43F AEC2       beq              attente
  474 000002E8         
  475 000002E8 F1A2 0201       sub              r2,#1
  476 000002EC E7E0            b                doItineraireRetour
  477 000002EE         
  478 000002EE         
  479 000002EE         ;vvvvvvvvvvvvvvvvvvvvvvvvvvvvvFin Etat 6A : itinRetour1
  480 000002EE         
  481 000002EE         
  482 000002EE         ;^^^^^^^^^^^^^^^^^^^^^^^^^^^^^Etat 2 : choix itin
  483 000002EE         ;vvvvvvvvvvvvvvvvvvvvvvvvvvvvvFin Etat 2 : choix itin
  484 000002EE         
  485 000002EE         ;^^^^^^^^^^^^^^^^^^^^^^^^^^^^^Utils
  486 000002EE 3D01    wait    subs             r5, #1
  487 000002F0 D1FD            bne              wait
  488 000002F2 4770            bx               lr
  489 000002F4         
  490 000002F4         
  491 000002F4         allumeLed1
  492 000002F4 F8DF B0D4       ldr              r11, = GPIO_PORTF_BASE + (PIN4<
<2) 
                                                            ;; @data Register =
                                                             @base + (mask<<2) 



ARM Macro Assembler    Page 12 


                                                            ==> LED1
  493 000002F8 F04F 0010       ldr              r0,=PIN4
  494 000002FC F8CB 0000       str              r0, [r11]
  495 00000300 4770            bx               lr
  496 00000302         
  497 00000302         allumeLed2
  498 00000302 F8DF C0CC       ldr              r12, = GPIO_PORTF_BASE + (PIN5<
<2)
  499 00000306 F04F 0020       ldr              r0,=PIN5
  500 0000030A F8CC 0000       str              r0, [r12]
  501 0000030E 4770            bx               lr
  502 00000310         
  503 00000310         eteintLed1
  504 00000310 F8DF B0B8       ldr              r11, = GPIO_PORTF_BASE + (PIN4<
<2) 
                                                            ;; @data Register =
                                                             @base + (mask<<2) 
                                                            ==> LED1
  505 00000314 F04F 0000       ldr              r0,=0
  506 00000318 F8CB 0000       str              r0, [r11]
  507 0000031C 4770            bx               lr
  508 0000031E         
  509 0000031E         eteintLed2
  510 0000031E F8DF C0B0       ldr              r12, = GPIO_PORTF_BASE + (PIN5<
<2)
  511 00000322 F04F 0000       ldr              r0,=0
  512 00000326 F8CC 0000       str              r0, [r12]
  513 0000032A 4770            bx               lr
  514 0000032C         
  515 0000032C         avance
  516 0000032C 46F3            mov              r11,lr      ;push {lr}
  517 0000032E F7FF FFFE       BL               MOTEUR_DROIT_ON
  518 00000332 F7FF FFFE       BL               MOTEUR_GAUCHE_ON
  519 00000336 F7FF FFFE       BL               MOTEUR_DROIT_AVANT
  520 0000033A F7FF FFFE       BL               MOTEUR_GAUCHE_AVANT
  521 0000033E F7FF FF04       bl               loop
  522 00000342 F7FF FFFE       BL               MOTEUR_DROIT_OFF
  523 00000346 F7FF FFFE       BL               MOTEUR_GAUCHE_OFF
  524 0000034A         ;pop {pc}
  525 0000034A 46DE            mov              lr,r11
  526 0000034C 4770            bx               lr
  527 0000034E         
  528 0000034E         recule
  529 0000034E 46F3            mov              r11,lr
  530 00000350 F7FF FFFE       BL               MOTEUR_DROIT_ON
  531 00000354 F7FF FFFE       BL               MOTEUR_GAUCHE_ON
  532 00000358 F7FF FFFE       BL               MOTEUR_DROIT_ARRIERE
  533 0000035C F7FF FFFE       BL               MOTEUR_GAUCHE_ARRIERE
  534 00000360 F7FF FEF3       bl               loop
  535 00000364 F7FF FFFE       BL               MOTEUR_DROIT_OFF
  536 00000368 F7FF FFFE       BL               MOTEUR_GAUCHE_OFF
  537 0000036C 46DE            mov              lr,r11
  538 0000036E 4770            bx               lr
  539 00000370         
  540 00000370         
  541 00000370         gauche
  542 00000370 46F3            mov              r11,lr
  543 00000372 F7FF FFFE       BL               MOTEUR_DROIT_ON
  544 00000376 F7FF FFFE       BL               MOTEUR_GAUCHE_ON



ARM Macro Assembler    Page 13 


  545 0000037A F7FF FFFE       BL               MOTEUR_DROIT_AVANT
  546 0000037E F7FF FFFE       BL               MOTEUR_GAUCHE_INVERSE
  547 00000382 F7FF FEE2       bl               loop
  548 00000386 F7FF FFFE       BL               MOTEUR_DROIT_OFF
  549 0000038A F7FF FFFE       BL               MOTEUR_GAUCHE_OFF
  550 0000038E 46DE            mov              lr,r11
  551 00000390 4770            bx               lr
  552 00000392         
  553 00000392         
  554 00000392         droite
  555 00000392 46F3            mov              r11,lr
  556 00000394 F7FF FFFE       BL               MOTEUR_DROIT_ON
  557 00000398 F7FF FFFE       BL               MOTEUR_GAUCHE_ON
  558 0000039C F7FF FFFE       BL               MOTEUR_GAUCHE_AVANT
  559 000003A0 F7FF FFFE       BL               MOTEUR_DROIT_INVERSE
  560 000003A4         
  561 000003A4 F7FF FED1       bl               loop
  562 000003A8 F7FF FFFE       BL               MOTEUR_DROIT_OFF
  563 000003AC F7FF FFFE       BL               MOTEUR_GAUCHE_OFF
  564 000003B0 46DE            mov              lr,r11
  565 000003B2 4770            bx               lr
  566 000003B4         
  567 000003B4 BF00            nop
  568 000003B6 BF00            nop
  569 000003B8 BF00            nop
  570 000003BA         
  571 000003BA 00 00 400FE108 
              40025400 
              4002551C 
              40025500 
              40025040 
              40025080 
              4002451C 
              40024510 
              40024004 
              40024008 
              4000751C 
              40007510 
              40007100 
              40007200 
              000FFFFF 
              00000000 
              00000000 
              00000000 
              00000000 
              00000000 
              00000000 
              00000000 
              00000000 
              00000000 
              00000000 
              002FFFFF 
              00000000 
              00000000         AREA             constantes,DATA,READONLY
  572 00000000         ;tab1 DCD 9000,DUREEVIRAGE,9000,DUREEVIRAGE,12000,DUREEV
                       IRAGE,6000,DUREEVIRAGE,3000,DUREEVIRAGE,3000,DUREEVIRAGE
                       ,3000,DUREEVIRAGE,3000,DUREEVIRAGE,3000,DUREEVIRAGE,6000
                       
  573 00000000         



ARM Macro Assembler    Page 14 


  574 00000000 00002328 
              00001770 
              00002328 
              00001770 
              00002EE0 
              00001770 
              00001770 
              00001770 
              00000BB8 
              00001770 
              00000BB8 
              00001770 
              00000BB8 
              00001770 
              00000BB8 
              00001770 
              00000BB8 
              00001770 
              00001770 tab1    DCD              9000,DUREEVIRAGE,9000,DUREEVIRA
GE,12000,DUREEVIRAGE,6000,DUREEVIRAGE,3000,DUREEVIRAGE,3000,DUREEVIRAGE,3000,DU
REEVIRAGE,3000,DUREEVIRAGE,3000,DUREEVIRAGE,6000
  575 0000004C 00000BB8 
              00001770 
              00002328 
              00001770 
              00004650 
              00001770 
              00000BB8 
              00001770 
              00001770 
              00001770 
              00000BB8 
              00001770 
              00002EE0 
              00001770 
              00001770 
              00001770 
              00001770 tab2    DCD              3000,DUREEVIRAGE,9000,DUREEVIRA
GE,18000,DUREEVIRAGE,3000,DUREEVIRAGE,6000,DUREEVIRAGE,3000,DUREEVIRAGE,12000,D
UREEVIRAGE,6000,DUREEVIRAGE,6000
  576 00000090         
  577 00000090 01 03 01 
              04 01 04 
              01 03 01 
              04 01 03 
              01 04 01 
              03 01 0F tabActions1
                               DCB              ACTION_AVANCE,ACTION_GAUCHE,ACT
ION_AVANCE,ACTION_DROITE,ACTION_AVANCE,ACTION_DROITE,ACTION_AVANCE,ACTION_GAUCH
E,ACTION_AVANCE,ACTION_DROITE,ACTION_AVANCE,ACTION_GAUCHE,ACTION_AVANCE,ACTION_
DROITE,ACTION_AVANCE,ACTION_GAUCHE,ACTION_AVANCE,ACTION_FIN
  578 000000A2 01 04 01 
              03 01 03 
              01 03 01 
              04 01 04 
              01 04 01 
              03 01 0F tabActions2
                               DCB              1,4,1,3,1,3,1,3,1,4,1,4,1,4,1,3
,1,15



ARM Macro Assembler    Page 15 


  579 000000B4         
  580 000000B4                 AREA             variables, DATA, READWRITE
  581 00000000 00 00 00 
              00 00 00 
              00 00 00 
              00 00 00 
              00 00 00 
              00 00 00 
              00 00 00 
              00 00 00 
              00 00 00 
              00 00 00 
              00 00 00 
              00 00 00 
              00 00 00 
              00 00 00 
              00 00 00 
              00 00 00 
              00 00 00 
              00 00 00 
              00 00 00 
              00 00 00 
              00 00 00 
              00 00 00 
              00 00 00 
              00 00 00 
              00 00 00 
              00 00 00 
              00 00 00 
              00 00 00 
              00 00 00 
              00 00 00 
              00 00 00 
              00 00 00 
              00 00 00 
              00       tabRetour
                               SPACE            100
  582 00000064 00 00 00 
              00 00 00 
              00 00 00 
              00 00 00 
              00 00 00 
              00 00 00 
              00 00 00 
              00 00 00 
              00 00 00 
              00 00 00 
              00 00 00 
              00 00 00 
              00 00 00 
              00 00 00 
              00 00 00 
              00 00 00 
              00 00    tabActionsRetour
                               SPACE            50
  583 00000096         
  584 00000096         ;vvvvvvvvvvvvvvvvvvvvvvvvvvvvvFin utils
  585 00000096         
  586 00000096         ;nop



ARM Macro Assembler    Page 16 


  587 00000096         ;nop
  588 00000096         ;nop  
  589 00000096                 END
Command Line: --debug --xref --diag_suppress=9931 --cpu=Cortex-M3 --depend=.\ob
jects\tabprojectevalbot.d -o.\objects\tabprojectevalbot.o -I.\RTE\_Target_1 -IC
:\Users\antoi\AppData\Local\Arm\Packs\ARM\CMSIS\5.6.0\CMSIS\Core\Include -IC:\U
sers\antoi\AppData\Local\Arm\Packs\Keil\LM3S_DFP\1.1.1\Device\Include --predefi
ne="__EVAL SETA 1" --predefine="__MICROLIB SETA 1" --predefine="__UVISION_VERSI
ON SETA 529" --predefine="_RTE_ SETA 1" --predefine="LM3S9B92 SETA 1" --list=.\
listings\tabprojectevalbot.lst tabProjectEvalbot.s



ARM Macro Assembler    Page 1 Alphabetic symbol ordering
Relocatable symbols

.text 00000000

Symbol: .text
   Definitions
      At line 5 in file tabProjectEvalbot.s
   Uses
      None
Comment: .text unused
__main 00000000

Symbol: __main
   Definitions
      At line 82 in file tabProjectEvalbot.s
   Uses
      At line 64 in file tabProjectEvalbot.s
Comment: __main used once
accident 000001FE

Symbol: accident
   Definitions
      At line 366 in file tabProjectEvalbot.s
   Uses
      At line 329 in file tabProjectEvalbot.s
      At line 334 in file tabProjectEvalbot.s

accidentLoop 0000021E

Symbol: accidentLoop
   Definitions
      At line 381 in file tabProjectEvalbot.s
   Uses
      At line 398 in file tabProjectEvalbot.s
Comment: accidentLoop used once
allumeLed1 000002F4

Symbol: allumeLed1
   Definitions
      At line 491 in file tabProjectEvalbot.s
   Uses
      At line 186 in file tabProjectEvalbot.s
      At line 218 in file tabProjectEvalbot.s
      At line 232 in file tabProjectEvalbot.s
      At line 388 in file tabProjectEvalbot.s
      At line 420 in file tabProjectEvalbot.s

allumeLed2 00000302

Symbol: allumeLed2
   Definitions
      At line 497 in file tabProjectEvalbot.s
   Uses
      At line 200 in file tabProjectEvalbot.s
      At line 219 in file tabProjectEvalbot.s
      At line 233 in file tabProjectEvalbot.s
      At line 389 in file tabProjectEvalbot.s
      At line 412 in file tabProjectEvalbot.s

attente 0000006C




ARM Macro Assembler    Page 2 Alphabetic symbol ordering
Relocatable symbols

Symbol: attente
   Definitions
      At line 162 in file tabProjectEvalbot.s
   Uses
      At line 171 in file tabProjectEvalbot.s
      At line 473 in file tabProjectEvalbot.s

attenteConf 0000024A

Symbol: attenteConf
   Definitions
      At line 403 in file tabProjectEvalbot.s
   Uses
      At line 270 in file tabProjectEvalbot.s
      At line 425 in file tabProjectEvalbot.s

attenteConfItin1 00000094

Symbol: attenteConfItin1
   Definitions
      At line 185 in file tabProjectEvalbot.s
   Uses
      At line 178 in file tabProjectEvalbot.s
      At line 197 in file tabProjectEvalbot.s
      At line 206 in file tabProjectEvalbot.s

attenteConfItin2 000000B4

Symbol: attenteConfItin2
   Definitions
      At line 199 in file tabProjectEvalbot.s
   Uses
      At line 182 in file tabProjectEvalbot.s
      At line 192 in file tabProjectEvalbot.s
      At line 211 in file tabProjectEvalbot.s

avance 0000032C

Symbol: avance
   Definitions
      At line 515 in file tabProjectEvalbot.s
   Uses
      At line 257 in file tabProjectEvalbot.s
      At line 461 in file tabProjectEvalbot.s

choixItin 00000082

Symbol: choixItin
   Definitions
      At line 175 in file tabProjectEvalbot.s
   Uses
      At line 170 in file tabProjectEvalbot.s
      At line 183 in file tabProjectEvalbot.s

detectionBumpers 0000019C

Symbol: detectionBumpers
   Definitions
      At line 322 in file tabProjectEvalbot.s



ARM Macro Assembler    Page 3 Alphabetic symbol ordering
Relocatable symbols

   Uses
      At line 290 in file tabProjectEvalbot.s
      At line 301 in file tabProjectEvalbot.s

doItineraire 00000108

Symbol: doItineraire
   Definitions
      At line 247 in file tabProjectEvalbot.s
   Uses
      At line 226 in file tabProjectEvalbot.s
      At line 240 in file tabProjectEvalbot.s
      At line 275 in file tabProjectEvalbot.s

doItineraireRetour 000002B0

Symbol: doItineraireRetour
   Definitions
      At line 452 in file tabProjectEvalbot.s
   Uses
      At line 450 in file tabProjectEvalbot.s
      At line 476 in file tabProjectEvalbot.s

droite 00000392

Symbol: droite
   Definitions
      At line 554 in file tabProjectEvalbot.s
   Uses
      At line 266 in file tabProjectEvalbot.s
      At line 467 in file tabProjectEvalbot.s

ecritureDebutItinRetour 000001B6

Symbol: ecritureDebutItinRetour
   Definitions
      At line 340 in file tabProjectEvalbot.s
   Uses
      At line 386 in file tabProjectEvalbot.s
      At line 409 in file tabProjectEvalbot.s
      At line 418 in file tabProjectEvalbot.s

eteintLed1 00000310

Symbol: eteintLed1
   Definitions
      At line 503 in file tabProjectEvalbot.s
   Uses
      At line 201 in file tabProjectEvalbot.s
      At line 393 in file tabProjectEvalbot.s
      At line 411 in file tabProjectEvalbot.s
      At line 431 in file tabProjectEvalbot.s

eteintLed2 0000031E

Symbol: eteintLed2
   Definitions
      At line 509 in file tabProjectEvalbot.s
   Uses



ARM Macro Assembler    Page 4 Alphabetic symbol ordering
Relocatable symbols

      At line 187 in file tabProjectEvalbot.s
      At line 394 in file tabProjectEvalbot.s
      At line 421 in file tabProjectEvalbot.s
      At line 432 in file tabProjectEvalbot.s

findR2 000002AC

Symbol: findR2
   Definitions
      At line 448 in file tabProjectEvalbot.s
   Uses
      At line 444 in file tabProjectEvalbot.s
Comment: findR2 used once
gauche 00000370

Symbol: gauche
   Definitions
      At line 541 in file tabProjectEvalbot.s
   Uses
      At line 263 in file tabProjectEvalbot.s
      At line 470 in file tabProjectEvalbot.s

itin1 000000D4

Symbol: itin1
   Definitions
      At line 217 in file tabProjectEvalbot.s
   Uses
      At line 195 in file tabProjectEvalbot.s
Comment: itin1 used once
itin2 000000EE

Symbol: itin2
   Definitions
      At line 230 in file tabProjectEvalbot.s
   Uses
      At line 209 in file tabProjectEvalbot.s
Comment: itin2 used once
itinRetour 0000027E

Symbol: itinRetour
   Definitions
      At line 430 in file tabProjectEvalbot.s
   Uses
      At line 364 in file tabProjectEvalbot.s
Comment: itinRetour used once
loop 0000014A

Symbol: loop
   Definitions
      At line 278 in file tabProjectEvalbot.s
   Uses
      At line 521 in file tabProjectEvalbot.s
      At line 534 in file tabProjectEvalbot.s
      At line 547 in file tabProjectEvalbot.s
      At line 561 in file tabProjectEvalbot.s

loopIndex 0000029E




ARM Macro Assembler    Page 5 Alphabetic symbol ordering
Relocatable symbols

Symbol: loopIndex
   Definitions
      At line 441 in file tabProjectEvalbot.s
   Uses
      At line 446 in file tabProjectEvalbot.s
Comment: loopIndex used once
loopItin 0000016E

Symbol: loopItin
   Definitions
      At line 296 in file tabProjectEvalbot.s
   Uses
      At line 283 in file tabProjectEvalbot.s
      At line 304 in file tabProjectEvalbot.s

loopRetour 00000158

Symbol: loopRetour
   Definitions
      At line 285 in file tabProjectEvalbot.s
   Uses
      At line 282 in file tabProjectEvalbot.s
      At line 292 in file tabProjectEvalbot.s

recule 0000034E

Symbol: recule
   Definitions
      At line 528 in file tabProjectEvalbot.s
   Uses
      At line 260 in file tabProjectEvalbot.s
      At line 464 in file tabProjectEvalbot.s

suite 00000140

Symbol: suite
   Definitions
      At line 271 in file tabProjectEvalbot.s
   Uses
      At line 269 in file tabProjectEvalbot.s
Comment: suite used once
wait 000002EE

Symbol: wait
   Definitions
      At line 486 in file tabProjectEvalbot.s
   Uses
      At line 189 in file tabProjectEvalbot.s
      At line 203 in file tabProjectEvalbot.s
      At line 221 in file tabProjectEvalbot.s
      At line 235 in file tabProjectEvalbot.s
      At line 288 in file tabProjectEvalbot.s
      At line 299 in file tabProjectEvalbot.s
      At line 391 in file tabProjectEvalbot.s
      At line 396 in file tabProjectEvalbot.s
      At line 414 in file tabProjectEvalbot.s
      At line 423 in file tabProjectEvalbot.s
      At line 434 in file tabProjectEvalbot.s
      At line 487 in file tabProjectEvalbot.s



ARM Macro Assembler    Page 6 Alphabetic symbol ordering
Relocatable symbols


31 symbols



ARM Macro Assembler    Page 1 Alphabetic symbol ordering
Relocatable symbols

constantes 00000000

Symbol: constantes
   Definitions
      At line 571 in file tabProjectEvalbot.s
   Uses
      None
Comment: constantes unused
tab1 00000000

Symbol: tab1
   Definitions
      At line 574 in file tabProjectEvalbot.s
   Uses
      At line 223 in file tabProjectEvalbot.s
Comment: tab1 used once
tab2 0000004C

Symbol: tab2
   Definitions
      At line 575 in file tabProjectEvalbot.s
   Uses
      At line 237 in file tabProjectEvalbot.s
Comment: tab2 used once
tabActions1 00000090

Symbol: tabActions1
   Definitions
      At line 577 in file tabProjectEvalbot.s
   Uses
      At line 224 in file tabProjectEvalbot.s
Comment: tabActions1 used once
tabActions2 000000A2

Symbol: tabActions2
   Definitions
      At line 578 in file tabProjectEvalbot.s
   Uses
      At line 238 in file tabProjectEvalbot.s
Comment: tabActions2 used once
5 symbols



ARM Macro Assembler    Page 1 Alphabetic symbol ordering
Relocatable symbols

tabActionsRetour 00000064

Symbol: tabActionsRetour
   Definitions
      At line 582 in file tabProjectEvalbot.s
   Uses
      At line 272 in file tabProjectEvalbot.s
      At line 354 in file tabProjectEvalbot.s
      At line 373 in file tabProjectEvalbot.s
      At line 436 in file tabProjectEvalbot.s

tabRetour 00000000

Symbol: tabRetour
   Definitions
      At line 581 in file tabProjectEvalbot.s
   Uses
      At line 305 in file tabProjectEvalbot.s
      At line 341 in file tabProjectEvalbot.s
      At line 369 in file tabProjectEvalbot.s
      At line 435 in file tabProjectEvalbot.s

variables 00000000

Symbol: variables
   Definitions
      At line 580 in file tabProjectEvalbot.s
   Uses
      None
Comment: variables unused
3 symbols



ARM Macro Assembler    Page 1 Alphabetic symbol ordering
Absolute symbols

ACTION_AVANCE 00000001

Symbol: ACTION_AVANCE
   Definitions
      At line 51 in file tabProjectEvalbot.s
   Uses
      At line 256 in file tabProjectEvalbot.s
      At line 460 in file tabProjectEvalbot.s
      At line 577 in file tabProjectEvalbot.s
      At line 577 in file tabProjectEvalbot.s
      At line 577 in file tabProjectEvalbot.s
      At line 577 in file tabProjectEvalbot.s
      At line 577 in file tabProjectEvalbot.s
      At line 577 in file tabProjectEvalbot.s
      At line 577 in file tabProjectEvalbot.s
      At line 577 in file tabProjectEvalbot.s
      At line 577 in file tabProjectEvalbot.s

ACTION_DROITE 00000004

Symbol: ACTION_DROITE
   Definitions
      At line 54 in file tabProjectEvalbot.s
   Uses
      At line 265 in file tabProjectEvalbot.s
      At line 356 in file tabProjectEvalbot.s
      At line 469 in file tabProjectEvalbot.s
      At line 577 in file tabProjectEvalbot.s
      At line 577 in file tabProjectEvalbot.s
      At line 577 in file tabProjectEvalbot.s
      At line 577 in file tabProjectEvalbot.s

ACTION_FIN 0000000F

Symbol: ACTION_FIN
   Definitions
      At line 55 in file tabProjectEvalbot.s
   Uses
      At line 268 in file tabProjectEvalbot.s
      At line 437 in file tabProjectEvalbot.s
      At line 472 in file tabProjectEvalbot.s
      At line 577 in file tabProjectEvalbot.s

ACTION_GAUCHE 00000003

Symbol: ACTION_GAUCHE
   Definitions
      At line 53 in file tabProjectEvalbot.s
   Uses
      At line 262 in file tabProjectEvalbot.s
      At line 466 in file tabProjectEvalbot.s
      At line 577 in file tabProjectEvalbot.s
      At line 577 in file tabProjectEvalbot.s
      At line 577 in file tabProjectEvalbot.s
      At line 577 in file tabProjectEvalbot.s

ACTION_RECULE 00000002

Symbol: ACTION_RECULE



ARM Macro Assembler    Page 2 Alphabetic symbol ordering
Absolute symbols

   Definitions
      At line 52 in file tabProjectEvalbot.s
   Uses
      At line 259 in file tabProjectEvalbot.s
      At line 359 in file tabProjectEvalbot.s
      At line 443 in file tabProjectEvalbot.s
      At line 463 in file tabProjectEvalbot.s

DUREE 000FFFFF

Symbol: DUREE
   Definitions
      At line 42 in file tabProjectEvalbot.s
   Uses
      At line 188 in file tabProjectEvalbot.s
      At line 202 in file tabProjectEvalbot.s
      At line 220 in file tabProjectEvalbot.s
      At line 234 in file tabProjectEvalbot.s
      At line 433 in file tabProjectEvalbot.s

DUREEBLINK 002FFFFF

Symbol: DUREEBLINK
   Definitions
      At line 46 in file tabProjectEvalbot.s
   Uses
      At line 390 in file tabProjectEvalbot.s
      At line 395 in file tabProjectEvalbot.s
      At line 413 in file tabProjectEvalbot.s
      At line 422 in file tabProjectEvalbot.s

DUREEMOTEURS 00000FFF

Symbol: DUREEMOTEURS
   Definitions
      At line 44 in file tabProjectEvalbot.s
   Uses
      At line 286 in file tabProjectEvalbot.s
      At line 297 in file tabProjectEvalbot.s

DUREEVIRAGE 00001770

Symbol: DUREEVIRAGE
   Definitions
      At line 48 in file tabProjectEvalbot.s
   Uses
      At line 574 in file tabProjectEvalbot.s
      At line 574 in file tabProjectEvalbot.s
      At line 574 in file tabProjectEvalbot.s
      At line 574 in file tabProjectEvalbot.s
      At line 574 in file tabProjectEvalbot.s
      At line 574 in file tabProjectEvalbot.s
      At line 574 in file tabProjectEvalbot.s
      At line 574 in file tabProjectEvalbot.s
      At line 574 in file tabProjectEvalbot.s
      At line 575 in file tabProjectEvalbot.s
      At line 575 in file tabProjectEvalbot.s
      At line 575 in file tabProjectEvalbot.s
      At line 575 in file tabProjectEvalbot.s



ARM Macro Assembler    Page 3 Alphabetic symbol ordering
Absolute symbols

      At line 575 in file tabProjectEvalbot.s
      At line 575 in file tabProjectEvalbot.s
      At line 575 in file tabProjectEvalbot.s
      At line 575 in file tabProjectEvalbot.s

GPIO_O_DEN 0000051C

Symbol: GPIO_O_DEN
   Definitions
      At line 29 in file tabProjectEvalbot.s
   Uses
      At line 103 in file tabProjectEvalbot.s
      At line 124 in file tabProjectEvalbot.s
      At line 140 in file tabProjectEvalbot.s

GPIO_O_DIR 00000400

Symbol: GPIO_O_DIR
   Definitions
      At line 18 in file tabProjectEvalbot.s
   Uses
      At line 99 in file tabProjectEvalbot.s
Comment: GPIO_O_DIR used once
GPIO_O_DR2R 00000500

Symbol: GPIO_O_DR2R
   Definitions
      At line 22 in file tabProjectEvalbot.s
   Uses
      At line 107 in file tabProjectEvalbot.s
Comment: GPIO_O_DR2R used once
GPIO_O_PUR 00000510

Symbol: GPIO_O_PUR
   Definitions
      At line 25 in file tabProjectEvalbot.s
   Uses
      At line 128 in file tabProjectEvalbot.s
      At line 144 in file tabProjectEvalbot.s

GPIO_PORTD_BASE 40007000

Symbol: GPIO_PORTD_BASE
   Definitions
      At line 11 in file tabProjectEvalbot.s
   Uses
      At line 140 in file tabProjectEvalbot.s
      At line 144 in file tabProjectEvalbot.s
      At line 148 in file tabProjectEvalbot.s
      At line 149 in file tabProjectEvalbot.s
      At line 163 in file tabProjectEvalbot.s
      At line 164 in file tabProjectEvalbot.s
      At line 382 in file tabProjectEvalbot.s
      At line 383 in file tabProjectEvalbot.s
      At line 404 in file tabProjectEvalbot.s
      At line 405 in file tabProjectEvalbot.s

GPIO_PORTE_BASE 40024000




ARM Macro Assembler    Page 4 Alphabetic symbol ordering
Absolute symbols

Symbol: GPIO_PORTE_BASE
   Definitions
      At line 13 in file tabProjectEvalbot.s
   Uses
      At line 124 in file tabProjectEvalbot.s
      At line 128 in file tabProjectEvalbot.s
      At line 132 in file tabProjectEvalbot.s
      At line 133 in file tabProjectEvalbot.s
      At line 165 in file tabProjectEvalbot.s
      At line 166 in file tabProjectEvalbot.s
      At line 323 in file tabProjectEvalbot.s
      At line 324 in file tabProjectEvalbot.s

GPIO_PORTF_BASE 40025000

Symbol: GPIO_PORTF_BASE
   Definitions
      At line 12 in file tabProjectEvalbot.s
   Uses
      At line 99 in file tabProjectEvalbot.s
      At line 103 in file tabProjectEvalbot.s
      At line 107 in file tabProjectEvalbot.s
      At line 115 in file tabProjectEvalbot.s
      At line 118 in file tabProjectEvalbot.s
      At line 492 in file tabProjectEvalbot.s
      At line 498 in file tabProjectEvalbot.s
      At line 504 in file tabProjectEvalbot.s
      At line 510 in file tabProjectEvalbot.s

GPIO_PORTJ_BASE 4003D000

Symbol: GPIO_PORTJ_BASE
   Definitions
      At line 14 in file tabProjectEvalbot.s
   Uses
      None
Comment: GPIO_PORTJ_BASE unused
PIN0 00000001

Symbol: PIN0
   Definitions
      At line 32 in file tabProjectEvalbot.s
   Uses
      At line 125 in file tabProjectEvalbot.s
      At line 129 in file tabProjectEvalbot.s
      At line 132 in file tabProjectEvalbot.s
      At line 165 in file tabProjectEvalbot.s
      At line 323 in file tabProjectEvalbot.s

PIN1 00000002

Symbol: PIN1
   Definitions
      At line 33 in file tabProjectEvalbot.s
   Uses
      At line 125 in file tabProjectEvalbot.s
      At line 129 in file tabProjectEvalbot.s
      At line 133 in file tabProjectEvalbot.s
      At line 166 in file tabProjectEvalbot.s



ARM Macro Assembler    Page 5 Alphabetic symbol ordering
Absolute symbols

      At line 324 in file tabProjectEvalbot.s

PIN2 00000004

Symbol: PIN2
   Definitions
      At line 34 in file tabProjectEvalbot.s
   Uses
      None
Comment: PIN2 unused
PIN3 00000008

Symbol: PIN3
   Definitions
      At line 35 in file tabProjectEvalbot.s
   Uses
      None
Comment: PIN3 unused
PIN4 00000010

Symbol: PIN4
   Definitions
      At line 36 in file tabProjectEvalbot.s
   Uses
      At line 100 in file tabProjectEvalbot.s
      At line 104 in file tabProjectEvalbot.s
      At line 108 in file tabProjectEvalbot.s
      At line 114 in file tabProjectEvalbot.s
      At line 115 in file tabProjectEvalbot.s
      At line 492 in file tabProjectEvalbot.s
      At line 493 in file tabProjectEvalbot.s
      At line 504 in file tabProjectEvalbot.s

PIN5 00000020

Symbol: PIN5
   Definitions
      At line 37 in file tabProjectEvalbot.s
   Uses
      At line 100 in file tabProjectEvalbot.s
      At line 104 in file tabProjectEvalbot.s
      At line 108 in file tabProjectEvalbot.s
      At line 117 in file tabProjectEvalbot.s
      At line 118 in file tabProjectEvalbot.s
      At line 498 in file tabProjectEvalbot.s
      At line 499 in file tabProjectEvalbot.s
      At line 510 in file tabProjectEvalbot.s

PIN6 00000040

Symbol: PIN6
   Definitions
      At line 38 in file tabProjectEvalbot.s
   Uses
      At line 141 in file tabProjectEvalbot.s
      At line 145 in file tabProjectEvalbot.s
      At line 148 in file tabProjectEvalbot.s
      At line 163 in file tabProjectEvalbot.s
      At line 382 in file tabProjectEvalbot.s



ARM Macro Assembler    Page 6 Alphabetic symbol ordering
Absolute symbols

      At line 404 in file tabProjectEvalbot.s

PIN7 00000080

Symbol: PIN7
   Definitions
      At line 39 in file tabProjectEvalbot.s
   Uses
      At line 141 in file tabProjectEvalbot.s
      At line 145 in file tabProjectEvalbot.s
      At line 149 in file tabProjectEvalbot.s
      At line 164 in file tabProjectEvalbot.s
      At line 383 in file tabProjectEvalbot.s
      At line 405 in file tabProjectEvalbot.s

SYSCTL_PERIPH_GPIO 400FE108

Symbol: SYSCTL_PERIPH_GPIO
   Definitions
      At line 8 in file tabProjectEvalbot.s
   Uses
      At line 85 in file tabProjectEvalbot.s
Comment: SYSCTL_PERIPH_GPIO used once
26 symbols



ARM Macro Assembler    Page 1 Alphabetic symbol ordering
External symbols

MOTEUR_DROIT_ARRIERE 00000000

Symbol: MOTEUR_DROIT_ARRIERE
   Definitions
      At line 72 in file tabProjectEvalbot.s
   Uses
      At line 532 in file tabProjectEvalbot.s
Comment: MOTEUR_DROIT_ARRIERE used once
MOTEUR_DROIT_AVANT 00000000

Symbol: MOTEUR_DROIT_AVANT
   Definitions
      At line 71 in file tabProjectEvalbot.s
   Uses
      At line 519 in file tabProjectEvalbot.s
      At line 545 in file tabProjectEvalbot.s

MOTEUR_DROIT_INVERSE 00000000

Symbol: MOTEUR_DROIT_INVERSE
   Definitions
      At line 73 in file tabProjectEvalbot.s
   Uses
      At line 559 in file tabProjectEvalbot.s
Comment: MOTEUR_DROIT_INVERSE used once
MOTEUR_DROIT_OFF 00000000

Symbol: MOTEUR_DROIT_OFF
   Definitions
      At line 70 in file tabProjectEvalbot.s
   Uses
      At line 377 in file tabProjectEvalbot.s
      At line 522 in file tabProjectEvalbot.s
      At line 535 in file tabProjectEvalbot.s
      At line 548 in file tabProjectEvalbot.s
      At line 562 in file tabProjectEvalbot.s

MOTEUR_DROIT_ON 00000000

Symbol: MOTEUR_DROIT_ON
   Definitions
      At line 69 in file tabProjectEvalbot.s
   Uses
      At line 517 in file tabProjectEvalbot.s
      At line 530 in file tabProjectEvalbot.s
      At line 543 in file tabProjectEvalbot.s
      At line 556 in file tabProjectEvalbot.s

MOTEUR_GAUCHE_ARRIERE 00000000

Symbol: MOTEUR_GAUCHE_ARRIERE
   Definitions
      At line 78 in file tabProjectEvalbot.s
   Uses
      At line 533 in file tabProjectEvalbot.s
Comment: MOTEUR_GAUCHE_ARRIERE used once
MOTEUR_GAUCHE_AVANT 00000000

Symbol: MOTEUR_GAUCHE_AVANT



ARM Macro Assembler    Page 2 Alphabetic symbol ordering
External symbols

   Definitions
      At line 77 in file tabProjectEvalbot.s
   Uses
      At line 520 in file tabProjectEvalbot.s
      At line 558 in file tabProjectEvalbot.s

MOTEUR_GAUCHE_INVERSE 00000000

Symbol: MOTEUR_GAUCHE_INVERSE
   Definitions
      At line 79 in file tabProjectEvalbot.s
   Uses
      At line 546 in file tabProjectEvalbot.s
Comment: MOTEUR_GAUCHE_INVERSE used once
MOTEUR_GAUCHE_OFF 00000000

Symbol: MOTEUR_GAUCHE_OFF
   Definitions
      At line 76 in file tabProjectEvalbot.s
   Uses
      At line 378 in file tabProjectEvalbot.s
      At line 523 in file tabProjectEvalbot.s
      At line 536 in file tabProjectEvalbot.s
      At line 549 in file tabProjectEvalbot.s
      At line 563 in file tabProjectEvalbot.s

MOTEUR_GAUCHE_ON 00000000

Symbol: MOTEUR_GAUCHE_ON
   Definitions
      At line 75 in file tabProjectEvalbot.s
   Uses
      At line 518 in file tabProjectEvalbot.s
      At line 531 in file tabProjectEvalbot.s
      At line 544 in file tabProjectEvalbot.s
      At line 557 in file tabProjectEvalbot.s

MOTEUR_INIT 00000000

Symbol: MOTEUR_INIT
   Definitions
      At line 67 in file tabProjectEvalbot.s
   Uses
      At line 155 in file tabProjectEvalbot.s
Comment: MOTEUR_INIT used once
11 symbols
413 symbols in table
