Component: Arm Compiler for Embedded 6.23 Tool: armlink [5f102400]

==============================================================================

Section Cross References

    tabprojectevalbot.o(.text) refers (Special) to rk_config_moteur.o(.text) for MOTEUR_DROIT_INVERSE
    tabprojectevalbot.o(.text) refers to tabprojectevalbot.o(constantes) for tab1
    tabprojectevalbot.o(constantes) refers (Special) to rk_config_moteur.o(.text) for MOTEUR_DROIT_INVERSE
    tabprojectevalbot.o(variables) refers (Special) to rk_config_moteur.o(.text) for MOTEUR_DROIT_INVERSE
    startup.o(RESET) refers to startup.o(STACK) for StackMem
    startup.o(RESET) refers to tabprojectevalbot.o(.text) for __main


==============================================================================

Removing Unused input sections from the image.

    Removing tabprojectevalbot.o(variables), (100 bytes).
    Removing startup.o(HEAP), (0 bytes).
    Removing startup.o(.text), (0 bytes).

3 unused section(s) (total 100 bytes) removed from the image.

==============================================================================

Image Symbol Table

    Local Symbols

    Symbol Name                              Value     Ov Type        Size  Object(Section)

    RK_Config_Moteur.s                       0x00000000   Number         0  rk_config_moteur.o ABSOLUTE
    RTE/Device/LM3S9B92/Startup.s            0x00000000   Number         0  startup.o ABSOLUTE
    tabProjectEvalbot.s                      0x00000000   Number         0  tabprojectevalbot.o ABSOLUTE
    RESET                                    0x00000000   Section      632  startup.o(RESET)
    NmiSR                                    0x00000271   Thumb Code     0  startup.o(RESET)
    FaultISR                                 0x00000273   Thumb Code     0  startup.o(RESET)
    IntDefaultHandler                        0x00000275   Thumb Code     0  startup.o(RESET)
    .text                                    0x00000278   Section      484  rk_config_moteur.o(.text)
    .text                                    0x0000045c   Section      824  tabprojectevalbot.o(.text)
    tab1                                     0x00000794   Data          76  tabprojectevalbot.o(constantes)
    constantes                               0x00000794   Section      179  tabprojectevalbot.o(constantes)
    tabActions1                              0x00000824   Data          17  tabprojectevalbot.o(constantes)
    StackMem                                 0x20000000   Data           0  startup.o(STACK)
    STACK                                    0x20000000   Section      256  startup.o(STACK)

    Global Symbols

    Symbol Name                              Value     Ov Type        Size  Object(Section)

    BuildAttributes$$THM_ISAv4$P$D$K$B$S$A:L22UL41UL21$X:L11$S22US41US21$IEEE1$~IW$USESV6$~STKCKD$USESV7$~SHL$OSPACE$EBA8$MICROLIB$EABIv2 0x00000000   Number         0  anon$$obj.o ABSOLUTE
    __Vectors                                0x00000000   Data           0  startup.o(RESET)
    Reset_Handler                            0x0000026d   Thumb Code     0  startup.o(RESET)
    MOTEUR_INIT                              0x00000279   Thumb Code     0  rk_config_moteur.o(.text)
    MOTEUR_DROIT_ON                          0x0000037d   Thumb Code     0  rk_config_moteur.o(.text)
    MOTEUR_DROIT_OFF                         0x00000389   Thumb Code     0  rk_config_moteur.o(.text)
    MOTEUR_GAUCHE_ON                         0x00000395   Thumb Code     0  rk_config_moteur.o(.text)
    MOTEUR_GAUCHE_OFF                        0x000003a1   Thumb Code     0  rk_config_moteur.o(.text)
    MOTEUR_DROIT_ARRIERE                     0x000003ad   Thumb Code     0  rk_config_moteur.o(.text)
    MOTEUR_DROIT_AVANT                       0x000003b7   Thumb Code     0  rk_config_moteur.o(.text)
    MOTEUR_GAUCHE_ARRIERE                    0x000003c1   Thumb Code     0  rk_config_moteur.o(.text)
    MOTEUR_GAUCHE_AVANT                      0x000003cb   Thumb Code     0  rk_config_moteur.o(.text)
    MOTEUR_DROIT_INVERSE                     0x000003d5   Thumb Code     0  rk_config_moteur.o(.text)
    MOTEUR_GAUCHE_INVERSE                    0x000003e1   Thumb Code     0  rk_config_moteur.o(.text)
    __main                                   0x0000045d   Thumb Code     0  tabprojectevalbot.o(.text)
    __initial_sp                             0x20000100   Data           0  startup.o(STACK)



==============================================================================

Memory Map of the image

  Image Entry point : 0x0000026d

  Load Region LR_1 (Base: 0x00000000, Size: 0x00000848, Max: 0xffffffff, ABSOLUTE)

    Execution Region ER_RO (Exec base: 0x00000000, Load base: 0x00000000, Size: 0x00000848, Max: 0xffffffff, ABSOLUTE)

    Exec Addr    Load Addr    Size         Type   Attr      Idx    E Section Name        Object

    0x00000000   0x00000000   0x00000278   Code   RO           13  * RESET               startup.o
    0x00000278   0x00000278   0x000001e4   Code   RO            1  * .text               rk_config_moteur.o
    0x0000045c   0x0000045c   0x00000338   Code   RO            6  * .text               tabprojectevalbot.o
    0x00000794   0x00000794   0x000000b3   Data   RO            7    constantes          tabprojectevalbot.o


    Execution Region ER_RW (Exec base: 0x20000000, Load base: 0x00000848, Size: 0x00000000, Max: 0xffffffff, ABSOLUTE)

    **** No section assigned to this execution region ****


    Execution Region ER_ZI (Exec base: 0x20000000, Load base: 0x00000848, Size: 0x00000100, Max: 0xffffffff, ABSOLUTE)

    Exec Addr    Load Addr    Size         Type   Attr      Idx    E Section Name        Object

    0x20000000        -       0x00000100   Zero   RW           11    STACK               startup.o


==============================================================================

Image component sizes


      Code (inc. data)   RO Data    RW Data    ZI Data      Debug   Object Name

       484        112          0          0          0        400   rk_config_moteur.o
       632        622          0          0        256        248   startup.o
       824         78        179          0          0        480   tabprojectevalbot.o

    ----------------------------------------------------------------------
      1940        812        180          0        256       1128   Object Totals
         0          0          0          0          0          0   (incl. Generated)
         0          0          1          0          0          0   (incl. Padding)

    ----------------------------------------------------------------------
         0          0          0          0          0          0   Library Totals
         0          0          0          0          0          0   (incl. Padding)

    ----------------------------------------------------------------------

==============================================================================


      Code (inc. data)   RO Data    RW Data    ZI Data      Debug   

      1940        812        180          0        256       1128   Grand Totals
      1940        812        180          0        256       1128   ELF Image Totals
      1940        812        180          0          0          0   ROM Totals

==============================================================================

    Total RO  Size (Code + RO Data)                 2120 (   2.07kB)
    Total RW  Size (RW Data + ZI Data)               256 (   0.25kB)
    Total ROM Size (Code + RO Data + RW Data)       2120 (   2.07kB)

==============================================================================

